// Jest Snapshot v1, https://goo.gl/fbAQLP

exports[`quiz application Shows frontpage header is right 1`] = `"<div><h1>Quiz App</h1><ul><li><a href=\\"/question\\">Start Your Quiz</a></li></ul></div>"`;

exports[`quiz application shows that front page header is right 1`] = `" <div><h1>Quiz App</h1><ul><li><a href=\\"/question\\">Start Your Quiz</a></li></ul></div>"`;
